============================= test session starts =============================
platform win32 -- Python 3.13.7, pytest-9.0.2, pluggy-1.6.0
rootdir: C:\Users\spicc\Desktop\VERITY
configfile: pyproject.toml
plugins: anyio-4.12.0, langsmith-0.5.2, asyncio-1.3.0, cov-7.0.0
asyncio: mode=Mode.AUTO, debug=False, asyncio_default_fixture_loop_scope=None, asyncio_default_test_loop_scope=function
collected 64 items

tests\test_api_auth.py ....                                              [  6%]
tests\test_api_campaigns.py ...                                          [ 10%]
tests\test_compliance.py .................                               [ 37%]
tests\test_judges.py ...........                                         [ 54%]
tests\test_providers.py ......                                           [ 64%]
tests\test_red_team.py .......F.....                                     [ 84%]
tests\test_reporting.py ..........                                       [100%]

================================== FAILURES ===================================
_____________ TestSingleTurnJailbreakAgent.test_agent_attributes ______________

self = <tests.test_red_team.TestSingleTurnJailbreakAgent object at 0x0000025FAE7F6D50>

    def test_agent_attributes(self):
        """Test agent has correct attributes."""
        agent = SingleTurnJailbreakAgent()
>       assert agent.name == "jailbreak"
E       AssertionError: assert 'jailbreak_single' == 'jailbreak'
E         
E         - jailbreak
E         + jailbreak_single

tests\test_red_team.py:126: AssertionError
============================== warnings summary ===============================
tests/test_api_auth.py::test_login
tests/test_api_auth.py::test_get_me
tests/test_api_campaigns.py::test_create_campaign
tests/test_api_campaigns.py::test_list_campaigns
tests/test_api_campaigns.py::test_get_campaign
  C:\Users\spicc\Desktop\VERITY\verity\api\routes\auth.py:225: DeprecationWarning: datetime.datetime.utcnow() is deprecated and scheduled for removal in a future version. Use timezone-aware objects to represent datetimes in UTC: datetime.datetime.now(datetime.UTC).
    expires_at = datetime.utcnow() + timedelta(minutes=15)

tests/test_api_auth.py::test_get_me
tests/test_api_campaigns.py::test_create_campaign
tests/test_api_campaigns.py::test_list_campaigns
tests/test_api_campaigns.py::test_list_campaigns
tests/test_api_campaigns.py::test_get_campaign
tests/test_api_campaigns.py::test_get_campaign
  C:\Users\spicc\Desktop\VERITY\verity\api\routes\auth.py:154: DeprecationWarning: datetime.datetime.utcnow() is deprecated and scheduled for removal in a future version. Use timezone-aware objects to represent datetimes in UTC: datetime.datetime.now(datetime.UTC).
    if datetime.utcnow() < token_data["expires_at"]:

tests/test_compliance.py::TestEUAIActChecker::test_article_9_partially_compliant_medium
tests/test_compliance.py::TestEUAIActChecker::test_article_9_non_compliant
tests/test_compliance.py::TestEUAIActChecker::test_article_15_non_compliant
tests/test_compliance.py::TestEUAIActChecker::test_article_15_non_compliant
tests/test_compliance.py::TestEUAIActChecker::test_article_14_without_oversight
tests/test_compliance.py::TestEUAIActChecker::test_generate_compliance_report
  <string>:14: DeprecationWarning: datetime.datetime.utcnow() is deprecated and scheduled for removal in a future version. Use timezone-aware objects to represent datetimes in UTC: datetime.datetime.now(datetime.UTC).

-- Docs: https://docs.pytest.org/en/stable/how-to/capture-warnings.html
=========================== short test summary info ===========================
FAILED tests/test_red_team.py::TestSingleTurnJailbreakAgent::test_agent_attributes
================== 1 failed, 63 passed, 17 warnings in 1.32s ==================
